>>> add_integer = __import__('0-add_integer').add_integer

#simple tests
>>> add_integer(1, 2)
3

>>> add_integer(-100, 50)
-50

>>> add_integer(100, -50)
50

>>> add_integer(-100, -50)
-150

>>> add_integer(10.4, 5)
15

>>> add_integer(10, 5.4)
15

>>> add_integer(10.5, 5.5)
15

#Error cases
>>> add_integer("school")
Traceback (most recent call last):
	...
TypeError: a must be an integer

>>> add_integer(1, "school")
Traceback (most recent call last):
        ...
TypeError: b must be an integer

>>> add_integer(None, None)
Traceback (most recent call last):
        ...
TypeError: a must be an integer

>>> add_integer(10, float('nan'))
Traceback (most recent call last):
	...
ValueError: cannot convert float NaN to integer
